#-----------------------------------------------------------
# Vivado v2019.1 (64-bit)
# SW Build 2552052 on Fri May 24 14:49:42 MDT 2019
# IP Build 2548770 on Fri May 24 18:01:18 MDT 2019
# Start of session at: Wed Sep  8 13:44:57 2021
# Process ID: 5340
# Current directory: E:/Working/Digital Design/Projects/AES/AES-Repo/AES128
# Command line: vivado.exe -gui_launcher_event rodinguilauncherevent11944 E:\Working\Digital Design\Projects\AES\AES-Repo\AES128\AES128.xpr
# Log file: E:/Working/Digital Design/Projects/AES/AES-Repo/AES128/vivado.log
# Journal file: E:/Working/Digital Design/Projects/AES/AES-Repo/AES128\vivado.jou
#-----------------------------------------------------------
start_gui
open_project {E:/Working/Digital Design/Projects/AES/AES-Repo/AES128/AES128.xpr}
synth_design -rtl -name rtl_1
refresh_design
launch_simulation
open_wave_config {E:/Working/Digital Design/Projects/AES/AES-Repo/AES128/Toptb_behav.wcfg}
source Toptb.tcl
relaunch_sim
relaunch_sim
relaunch_sim
close_sim
refresh_design
close_design
